stm32wbxx_ll_rcc.h:1667:22:LL_RCC_LSE_SetDriveCapability	16	static
stm32wbxx_ll_bus.h:540:22:LL_AHB2_GRP1_EnableClock	24	static
main.c:65:6:HAL_ADC_ConvCpltCallback	16	static
main.c:103:10:getAdcValue	16	static
main.c:75:5:main	16	static
main.c:130:6:SystemClock_Config	192	static
main.c:213:13:MX_ADC1_Init	32	static
main.c:269:13:MX_USART1_UART_Init	8	static
main.c:317:13:MX_USB_PCD_Init	8	static
main.c:350:13:MX_GPIO_Init	32	static
main.c:392:6:Error_Handler	4	static,ignoring_inline_asm
